athar@ATHARVA MINGW64 ~
$ mkdir Atharva1/

athar@ATHARVA MINGW64 ~
$ cd Atharva1/

athar@ATHARVA MINGW64 ~/Atharva1
$ pwd
/c/Users/athar/Atharva1

athar@ATHARVA MINGW64 ~/Atharva1
$ touch file{1..3}.log

athar@ATHARVA MINGW64 ~/Atharva1
$ ls
file1.log  file2.log  file3.log

athar@ATHARVA MINGW64 ~/Atharva1
$ ls -lart
total 16
drwxr-xr-x 1 athar 197609 0 Jan 22 21:32 ../
drwxr-xr-x 1 athar 197609 0 Jan 22 21:35 ./
-rw-r--r-- 1 athar 197609 0 Jan 22 21:35 file1.log
-rw-r--r-- 1 athar 197609 0 Jan 22 21:35 file2.log
-rw-r--r-- 1 athar 197609 0 Jan 22 21:35 file3.log

athar@ATHARVA MINGW64 ~/Atharva1
$ git config --global user.name atharvacloud

athar@ATHARVA MINGW64 ~/Atharva1
$ git config --global user.email atharvabhosale6@gmail.com

athar@ATHARVA MINGW64 ~/Atharva1
$ git init
Initialized empty Git repository in C:/Users/athar/Atharva1/.git/

athar@ATHARVA MINGW64 ~/Atharva1 (master)
$ ls
file1.log  file2.log  file3.log

athar@ATHARVA MINGW64 ~/Atharva1 (master)
$ ls -lart
total 20
-rw-r--r-- 1 athar 197609 0 Jan 22 21:35 file1.log
-rw-r--r-- 1 athar 197609 0 Jan 22 21:35 file2.log
-rw-r--r-- 1 athar 197609 0 Jan 22 21:35 file3.log
drwxr-xr-x 1 athar 197609 0 Jan 22 21:37 ../
drwxr-xr-x 1 athar 197609 0 Jan 22 21:37 ./
drwxr-xr-x 1 athar 197609 0 Jan 22 21:37 .git/

athar@ATHARVA MINGW64 ~/Atharva1 (master)
$ git add.
git: 'add.' is not a git command. See 'git --help'.

The most similar command is
        add

athar@ATHARVA MINGW64 ~/Atharva1 (master)
$ git add .

athar@ATHARVA MINGW64 ~/Atharva1 (master)
$ git commit -m "1tCommit"
[master (root-commit) b99a5c3] 1tCommit
 3 files changed, 0 insertions(+), 0 deletions(-)
 create mode 100644 file1.log
 create mode 100644 file2.log
 create mode 100644 file3.log

athar@ATHARVA MINGW64 ~/Atharva1 (master)
$ git status
On branch master
nothing to commit, working tree clean

athar@ATHARVA MINGW64 ~/Atharva1 (master)
$ git remote -v

athar@ATHARVA MINGW64 ~/Atharva1 (master)
$ git remote add origin https://github.com/Atharvacloud/test1.git

athar@ATHARVA MINGW64 ~/Atharva1 (master)
$ git branch -M main

athar@ATHARVA MINGW64 ~/Atharva1 (main)
$ git push -u origin main
info: please complete authentication in your browser...
Enumerating objects: 3, done.
Counting objects: 100% (3/3), done.
Delta compression using up to 12 threads
Compressing objects: 100% (2/2), done.
Writing objects: 100% (3/3), 222 bytes | 222.00 KiB/s, done.
Total 3 (delta 0), reused 0 (delta 0), pack-reused 0 (from 0)
To https://github.com/Atharvacloud/test1.git
 * [new branch]      main -> main
branch 'main' set up to track 'origin/main'.

athar@ATHARVA MINGW64 ~/Atharva1 (main)
$ git branch
* main

athar@ATHARVA MINGW64 ~/Atharva1 (main)
$ git checkout -b FeatureBranch
Switched to a new branch 'FeatureBranch'

athar@ATHARVA MINGW64 ~/Atharva1 (FeatureBranch)
$ git branch
* FeatureBranch
  main

athar@ATHARVA MINGW64 ~/Atharva1 (FeatureBranch)
$ touch dev.txt

athar@ATHARVA MINGW64 ~/Atharva1 (FeatureBranch)
$ ls
dev.txt  file1.log  file2.log  file3.log

athar@ATHARVA MINGW64 ~/Atharva1 (FeatureBranch)
$ git add .

athar@ATHARVA MINGW64 ~/Atharva1 (FeatureBranch)
$ git commit -m "NewChange"
[FeatureBranch 70d7764] NewChange
 1 file changed, 0 insertions(+), 0 deletions(-)
 create mode 100644 dev.txt

athar@ATHARVA MINGW64 ~/Atharva1 (FeatureBranch)
$ git status
On branch FeatureBranch
nothing to commit, working tree clean

athar@ATHARVA MINGW64 ~/Atharva1 (FeatureBranch)
$ git checkout main
Switched to branch 'main'
Your branch is up to date with 'origin/main'.

athar@ATHARVA MINGW64 ~/Atharva1 (main)
$ ls
file1.log  file2.log  file3.log

athar@ATHARVA MINGW64 ~/Atharva1 (main)
$ git log
commit b99a5c3f69f330990cbfd99c3aed7f2f2e124331 (HEAD -> main, origin/main)
Author: atharvacloud <atharvabhosale6@gmail.com>
Date:   Thu Jan 22 21:39:07 2026 +0530

    1tCommit

athar@ATHARVA MINGW64 ~/Atharva1 (main)
$ git checkout -b FeatureBranch
fatal: a branch named 'FeatureBranch' already exists

athar@ATHARVA MINGW64 ~/Atharva1 (main)
$ git checkout FeatureBranch
Switched to branch 'FeatureBranch'

athar@ATHARVA MINGW64 ~/Atharva1 (FeatureBranch)
$ git log
commit 70d7764fd6dde9b4aeae453f7d1d666f2f789a75 (HEAD -> FeatureBranch)
Author: atharvacloud <atharvabhosale6@gmail.com>
Date:   Thu Jan 22 21:52:59 2026 +0530

    NewChange

commit b99a5c3f69f330990cbfd99c3aed7f2f2e124331 (origin/main, main)
Author: atharvacloud <atharvabhosale6@gmail.com>
Date:   Thu Jan 22 21:39:07 2026 +0530

    1tCommit

athar@ATHARVA MINGW64 ~/Atharva1 (FeatureBranch)
$ git push -u origin FeatureBranch
Enumerating objects: 3, done.
Counting objects: 100% (3/3), done.
Delta compression using up to 12 threads
Compressing objects: 100% (2/2), done.
Writing objects: 100% (2/2), 243 bytes | 243.00 KiB/s, done.
Total 2 (delta 1), reused 0 (delta 0), pack-reused 0 (from 0)
remote: Resolving deltas: 100% (1/1), completed with 1 local object.
remote:
remote: Create a pull request for 'FeatureBranch' on GitHub by visiting:
remote:      https://github.com/Atharvacloud/test1/pull/new/FeatureBranch
remote:
To https://github.com/Atharvacloud/test1.git
 * [new branch]      FeatureBranch -> FeatureBranch
branch 'FeatureBranch' set up to track 'origin/FeatureBranch'.

athar@ATHARVA MINGW64 ~/Atharva1 (FeatureBranch)
$
